../Drivers/CMSIS/Include/core_cm4.h:1653:22:__NVIC_SetPriorityGrouping	24	static
../Core/Inc/Utility.h:132:6:Utility_Init	8	static
../Core/Inc/Utility.h:143:6:Configure_Clock	8	static
../Core/Inc/Utility.h:186:6:TIM2_Setup	4	static
../Core/Inc/Utility.h:196:6:Delay_us	16	static
../Core/Inc/Utility.h:203:6:Delay_ms	24	static
../Core/Inc/Utility.h:214:6:GPIO_Clock_Enable	16	static
../Core/Inc/Utility.h:220:6:GPIO_Pin_Mode	16	static
../Core/Inc/Utility.h:227:6:GPIO_Output_Type	16	static
../Core/Inc/Utility.h:234:20:GPIO_Write_Pin	16	static
../Core/Inc/Utility.h:245:20:GPIO_Toggle_Pin	16	static
../Core/Inc/Utility.h:257:6:GPIO_Resistor_Enable	16	static
../Core/Inc/Utility.h:264:23:GPIO_Read_Pin	16	static
../Core/Inc/Utility.h:283:6:ADC_Init	16	static
../Core/Inc/Utility.h:318:6:ADC_SingleChannel	16	static
../Core/Inc/Utility.h:348:10:ADC_GetSingleConversion	16	static
../Core/Inc/Utility.h:361:6:ADC_MultiChannel	40	static
../Core/Inc/Utility.h:416:6:ADC_GetMultiConversions	32	static
../Core/Inc/Utility.h:433:6:DAC_Init	16	static
../Core/Inc/Utility.h:457:6:DAC_SetValue	16	static
../Core/Inc/Utility.h:483:6:USART1_Init	4	static
../Core/Inc/Utility.h:505:5:__io_putchar	16	static
../Core/Inc/Utility.h:513:5:__io_getchar	4	static
../Core/Inc/Utility.h:519:6:USART1_IRQHandler	8	static
../Core/Inc/Utility.h:528:10:Random_Number	4	static
../Core/Inc/LCD_Blio.h:71:13:LCD_DATA	16	static
../Core/Inc/LCD_Blio.h:80:13:enable_pulse	8	static
../Core/Inc/LCD_Blio.h:89:13:LCD_CMD	16	static
../Core/Inc/LCD_Blio.h:97:6:LCD_Clear	8	static
../Core/Inc/LCD_Blio.h:105:13:LCD_Set_Cursor	24	static
../Core/Inc/LCD_Blio.h:124:6:LCD_Init	16	static
../Core/Inc/LCD_Blio.h:180:13:LCD_Write_Char	24	static
../Core/Inc/LCD_Blio.h:196:6:LCD_Write_String	16	static
../Core/Inc/LCD_Blio.h:222:6:LCD_Display_ON	8	static
../Core/Inc/LCD_Blio.h:229:6:LCD_Display_OFF	8	static
../Core/Inc/LCD_Blio.h:236:6:LCD_Cursor_ON	8	static
../Core/Inc/LCD_Blio.h:243:6:LCD_Cursor_OFF	8	static
../Core/Inc/LCD_Blio.h:250:6:LCD_Blink_ON	8	static
../Core/Inc/LCD_Blio.h:257:6:LCD_Blink_OFF	8	static
../Core/Inc/LCD_Blio.h:264:6:LCD_SHL	8	static
../Core/Inc/LCD_Blio.h:271:6:LCD_SHR	8	static
../Core/Src/main.c:88:5:main	16	static
../Core/Src/main.c:335:6:SystemClock_Config	88	static
../Core/Src/main.c:381:13:MX_GPIO_Init	40	static
../Core/Src/main.c:417:6:Semaforo	8	static
../Core/Src/main.c:431:6:InverterLedReg	4	static
../Core/Src/main.c:435:6:Despertador	24	static
../Core/Src/main.c:445:6:AtivarModoPWM	32	static
../Core/Src/main.c:460:6:LedEBotao	8	static
../Core/Src/main.c:476:6:LedEBotaoDec	16	static
../Core/Src/main.c:491:6:AlternarLedBotao	8	static
../Core/Src/main.c:502:6:LedBotaoContador	16	static
../Core/Src/main.c:521:6:ContagemBinaria	16	static
../Core/Src/main.c:537:6:DisplaySeteSegHexa	40	static
../Core/Src/main.c:579:6:DisplaySeteSegHexa2D	56	static
../Core/Src/main.c:655:6:Genius	88	static
../Core/Src/main.c:803:6:SensorUltrassonico	16	static
../Core/Src/main.c:861:6:MotorDC	8	static
../Core/Src/main.c:882:6:MicroServomotor	8	static
../Core/Src/main.c:923:6:Error_Handler	4	static,ignoring_inline_asm
